// Jest Snapshot v1, https://goo.gl/fbAQLP

exports[`Test ItemNotification with BOOKING_SUCCESSFULLY and clicked 1`] = `
<View
  accessible={true}
  focusable={true}
  onClick={[Function]}
  onResponderGrant={[Function]}
  onResponderMove={[Function]}
  onResponderRelease={[Function]}
  onResponderTerminate={[Function]}
  onResponderTerminationRequest={[Function]}
  onStartShouldSetResponder={[Function]}
  style={
    Object {
      "borderTopColor": "#E8E8E8",
      "borderTopWidth": 1,
      "opacity": 1,
      "padding": 16,
    }
  }
>
  <View
    style={
      Object {
        "flexDirection": "row",
      }
    }
  >
    <View
      style={
        Array [
          Object {
            "overflow": "hidden",
          },
          Object {
            "height": 56,
            "width": 56,
          },
        ]
      }
    >
      <FastImageView
        resizeMode="cover"
        source={
          Object {
            "uri": "",
          }
        }
        style={
          Object {
            "bottom": 0,
            "left": 0,
            "position": "absolute",
            "right": 0,
            "top": 0,
          }
        }
      />
    </View>
    <View
      style={
        Object {
          "flex": 1,
          "marginLeft": 16,
        }
      }
    >
      <Text
        style={
          Array [
            Object {
              "color": "#262626",
              "fontFamily": "SFProDisplay-Regular",
              "fontSize": 16,
              "lineHeight": 24,
              "textAlign": "left",
              "textDecorationLine": "none",
            },
            Object {},
          ]
        }
      >
        Xác nhận đặt chỗ thành công
      </Text>
      <Text
        style={
          Array [
            Object {
              "color": "#595959",
              "fontFamily": "SFProDisplay-Regular",
              "fontSize": 14,
              "lineHeight": 22,
              "textAlign": "left",
              "textDecorationLine": "none",
            },
            Object {
              "marginTop": 8,
            },
          ]
        }
      >
        <Text
          style={
            Array [
              Object {
                "color": "#000",
                "fontFamily": "SFProDisplay-Regular",
                "fontSize": 14,
                "lineHeight": 22,
                "textAlign": "left",
                "textDecorationLine": "none",
              },
              Object {},
            ]
          }
        >
          Your booking 
        </Text>
        <Text
          style={
            Array [
              Object {
                "color": "#F08229",
                "fontFamily": "SFProDisplay-Regular",
                "fontSize": 14,
                "lineHeight": 22,
                "textAlign": "left",
                "textDecorationLine": "none",
              },
              Object {},
            ]
          }
        >
          1
        </Text>
        <Text
          style={
            Array [
              Object {
                "color": "#000",
                "fontFamily": "SFProDisplay-Regular",
                "fontSize": 14,
                "lineHeight": 22,
                "textAlign": "left",
                "textDecorationLine": "none",
              },
              Object {},
            ]
          }
        >
           was confirmed.
        </Text>
      </Text>
      <View
        style={
          Object {
            "alignItems": "center",
            "flexDirection": "row",
            "marginTop": 16,
            "textAlign": "center",
          }
        }
      >
        <Text
          style={
            Array [
              Object {
                "color": "#BFBFBF",
                "fontFamily": "antoutline",
                "fontSize": 10,
                "fontStyle": "normal",
                "fontWeight": "normal",
              },
              Object {
                "marginRight": 9,
                "marginTop": 0,
              },
            ]
          }
        >
          
        </Text>
        <Text
          style={
            Array [
              Object {
                "color": "#BFBFBF",
                "fontFamily": "SFProDisplay-Regular",
                "fontSize": 10,
                "lineHeight": 10,
                "textAlign": "left",
                "textDecorationLine": "none",
              },
              Object {
                "lineHeight": 20,
              },
            ]
          }
        >
          Invalid date
        </Text>
      </View>
    </View>
  </View>
</View>
`;

exports[`Test ItemNotification with EXPIRE_PARKING_SESSION and clicked 1`] = `
<View
  accessible={true}
  focusable={true}
  onClick={[Function]}
  onResponderGrant={[Function]}
  onResponderMove={[Function]}
  onResponderRelease={[Function]}
  onResponderTerminate={[Function]}
  onResponderTerminationRequest={[Function]}
  onStartShouldSetResponder={[Function]}
  style={
    Object {
      "borderTopColor": "#E8E8E8",
      "borderTopWidth": 1,
      "opacity": 1,
      "padding": 16,
    }
  }
>
  <View
    style={
      Object {
        "flexDirection": "row",
      }
    }
  >
    <View
      style={
        Array [
          Object {
            "overflow": "hidden",
          },
          Object {
            "height": 56,
            "width": 56,
          },
        ]
      }
    >
      <FastImageView
        resizeMode="cover"
        source={
          Object {
            "uri": "",
          }
        }
        style={
          Object {
            "bottom": 0,
            "left": 0,
            "position": "absolute",
            "right": 0,
            "top": 0,
          }
        }
      />
    </View>
    <View
      style={
        Object {
          "flex": 1,
          "marginLeft": 16,
        }
      }
    >
      <Text
        style={
          Array [
            Object {
              "color": "#262626",
              "fontFamily": "SFProDisplay-Regular",
              "fontSize": 16,
              "lineHeight": 24,
              "textAlign": "left",
              "textDecorationLine": "none",
            },
            Object {},
          ]
        }
      >
        Phiên đỗ xe sẽ sớm kết thúc
      </Text>
      <Text
        style={
          Array [
            Object {
              "color": "#595959",
              "fontFamily": "SFProDisplay-Regular",
              "fontSize": 14,
              "lineHeight": 22,
              "textAlign": "left",
              "textDecorationLine": "none",
            },
            Object {
              "marginTop": 8,
            },
          ]
        }
      >
        <Text
          style={
            Array [
              Object {
                "color": "#000",
                "fontFamily": "SFProDisplay-Regular",
                "fontSize": 14,
                "lineHeight": 22,
                "textAlign": "left",
                "textDecorationLine": "none",
              },
              Object {},
            ]
          }
        >
          Your parking 
        </Text>
        <Text
          style={
            Array [
              Object {
                "color": "#F08229",
                "fontFamily": "SFProDisplay-Regular",
                "fontSize": 14,
                "lineHeight": 22,
                "textAlign": "left",
                "textDecorationLine": "none",
              },
              Object {},
            ]
          }
        >
          1
        </Text>
        <Text
          style={
            Array [
              Object {
                "color": "#000",
                "fontFamily": "SFProDisplay-Regular",
                "fontSize": 14,
                "lineHeight": 22,
                "textAlign": "left",
                "textDecorationLine": "none",
              },
              Object {},
            ]
          }
        >
           will expire soon. Please leave before 
        </Text>
        <Text
          style={
            Array [
              Object {
                "color": "#F08229",
                "fontFamily": "SFProDisplay-Regular",
                "fontSize": 14,
                "lineHeight": 22,
                "textAlign": "left",
                "textDecorationLine": "none",
              },
              Object {},
            ]
          }
        />
        <Text
          style={
            Array [
              Object {
                "color": "#000",
                "fontFamily": "SFProDisplay-Regular",
                "fontSize": 14,
                "lineHeight": 22,
                "textAlign": "left",
                "textDecorationLine": "none",
              },
              Object {},
            ]
          }
        >
           or extend your booking hours.
        </Text>
      </Text>
      <View
        style={
          Object {
            "alignItems": "center",
            "flexDirection": "row",
            "marginTop": 16,
            "textAlign": "center",
          }
        }
      >
        <Text
          style={
            Array [
              Object {
                "color": "#BFBFBF",
                "fontFamily": "antoutline",
                "fontSize": 10,
                "fontStyle": "normal",
                "fontWeight": "normal",
              },
              Object {
                "marginRight": 9,
                "marginTop": 0,
              },
            ]
          }
        >
          
        </Text>
        <Text
          style={
            Array [
              Object {
                "color": "#BFBFBF",
                "fontFamily": "SFProDisplay-Regular",
                "fontSize": 10,
                "lineHeight": 10,
                "textAlign": "left",
                "textDecorationLine": "none",
              },
              Object {
                "lineHeight": 20,
              },
            ]
          }
        >
          Invalid date
        </Text>
      </View>
    </View>
  </View>
</View>
`;

exports[`Test ItemNotification with PARKING_COMPLETED and clicked 1`] = `
<View
  accessible={true}
  focusable={true}
  onClick={[Function]}
  onResponderGrant={[Function]}
  onResponderMove={[Function]}
  onResponderRelease={[Function]}
  onResponderTerminate={[Function]}
  onResponderTerminationRequest={[Function]}
  onStartShouldSetResponder={[Function]}
  style={
    Object {
      "borderTopColor": "#E8E8E8",
      "borderTopWidth": 1,
      "opacity": 1,
      "padding": 16,
    }
  }
>
  <View
    style={
      Object {
        "flexDirection": "row",
      }
    }
  >
    <View
      style={
        Array [
          Object {
            "overflow": "hidden",
          },
          Object {
            "height": 56,
            "width": 56,
          },
        ]
      }
    >
      <FastImageView
        resizeMode="cover"
        source={
          Object {
            "uri": "",
          }
        }
        style={
          Object {
            "bottom": 0,
            "left": 0,
            "position": "absolute",
            "right": 0,
            "top": 0,
          }
        }
      />
    </View>
    <View
      style={
        Object {
          "flex": 1,
          "marginLeft": 16,
        }
      }
    >
      <Text
        style={
          Array [
            Object {
              "color": "#262626",
              "fontFamily": "SFProDisplay-Regular",
              "fontSize": 16,
              "lineHeight": 24,
              "textAlign": "left",
              "textDecorationLine": "none",
            },
            Object {},
          ]
        }
      >
        Hoàn tất đỗ xe
      </Text>
      <Text
        style={
          Array [
            Object {
              "color": "#595959",
              "fontFamily": "SFProDisplay-Regular",
              "fontSize": 14,
              "lineHeight": 22,
              "textAlign": "left",
              "textDecorationLine": "none",
            },
            Object {
              "marginTop": 8,
            },
          ]
        }
      >
        <Text
          style={
            Array [
              Object {
                "color": "#000",
                "fontFamily": "SFProDisplay-Regular",
                "fontSize": 14,
                "lineHeight": 22,
                "textAlign": "left",
                "textDecorationLine": "none",
              },
              Object {},
            ]
          }
        >
          Your booking 
        </Text>
        <Text
          style={
            Array [
              Object {
                "color": "#F08229",
                "fontFamily": "SFProDisplay-Regular",
                "fontSize": 14,
                "lineHeight": 22,
                "textAlign": "left",
                "textDecorationLine": "none",
              },
              Object {},
            ]
          }
        >
          1
        </Text>
        <Text
          style={
            Array [
              Object {
                "color": "#000",
                "fontFamily": "SFProDisplay-Regular",
                "fontSize": 14,
                "lineHeight": 22,
                "textAlign": "left",
                "textDecorationLine": "none",
              },
              Object {},
            ]
          }
        >
           is completed. Thank you for using our service.
        </Text>
      </Text>
      <View
        style={
          Object {
            "alignItems": "center",
            "flexDirection": "row",
            "marginTop": 16,
            "textAlign": "center",
          }
        }
      >
        <Text
          style={
            Array [
              Object {
                "color": "#BFBFBF",
                "fontFamily": "antoutline",
                "fontSize": 10,
                "fontStyle": "normal",
                "fontWeight": "normal",
              },
              Object {
                "marginRight": 9,
                "marginTop": 0,
              },
            ]
          }
        >
          
        </Text>
        <Text
          style={
            Array [
              Object {
                "color": "#BFBFBF",
                "fontFamily": "SFProDisplay-Regular",
                "fontSize": 10,
                "lineHeight": 10,
                "textAlign": "left",
                "textDecorationLine": "none",
              },
              Object {
                "lineHeight": 20,
              },
            ]
          }
        >
          Invalid date
        </Text>
      </View>
    </View>
  </View>
</View>
`;

exports[`Test ItemNotification with REMIND_TO_MAKE_PAYMENT and clicked 1`] = `
<View
  accessible={true}
  focusable={true}
  onClick={[Function]}
  onResponderGrant={[Function]}
  onResponderMove={[Function]}
  onResponderRelease={[Function]}
  onResponderTerminate={[Function]}
  onResponderTerminationRequest={[Function]}
  onStartShouldSetResponder={[Function]}
  style={
    Object {
      "borderTopColor": "#E8E8E8",
      "borderTopWidth": 1,
      "opacity": 1,
      "padding": 16,
    }
  }
>
  <View
    style={
      Object {
        "flexDirection": "row",
      }
    }
  >
    <View
      style={
        Array [
          Object {
            "overflow": "hidden",
          },
          Object {
            "height": 56,
            "width": 56,
          },
        ]
      }
    >
      <FastImageView
        resizeMode="cover"
        source={
          Object {
            "uri": "",
          }
        }
        style={
          Object {
            "bottom": 0,
            "left": 0,
            "position": "absolute",
            "right": 0,
            "top": 0,
          }
        }
      />
    </View>
    <View
      style={
        Object {
          "flex": 1,
          "marginLeft": 16,
        }
      }
    >
      <Text
        style={
          Array [
            Object {
              "color": "#262626",
              "fontFamily": "SFProDisplay-Regular",
              "fontSize": 16,
              "lineHeight": 24,
              "textAlign": "left",
              "textDecorationLine": "none",
            },
            Object {},
          ]
        }
      >
        Hoàn tất thanh toán đặt chỗ trước
      </Text>
      <Text
        style={
          Array [
            Object {
              "color": "#595959",
              "fontFamily": "SFProDisplay-Regular",
              "fontSize": 14,
              "lineHeight": 22,
              "textAlign": "left",
              "textDecorationLine": "none",
            },
            Object {
              "marginTop": 8,
            },
          ]
        }
      >
        <Text
          style={
            Array [
              Object {
                "color": "#000",
                "fontFamily": "SFProDisplay-Regular",
                "fontSize": 14,
                "lineHeight": 22,
                "textAlign": "left",
                "textDecorationLine": "none",
              },
              Object {},
            ]
          }
        >
          Your booking 
        </Text>
        <Text
          style={
            Array [
              Object {
                "color": "#F08229",
                "fontFamily": "SFProDisplay-Regular",
                "fontSize": 14,
                "lineHeight": 22,
                "textAlign": "left",
                "textDecorationLine": "none",
              },
              Object {},
            ]
          }
        >
          1
        </Text>
        <Text
          style={
            Array [
              Object {
                "color": "#000",
                "fontFamily": "SFProDisplay-Regular",
                "fontSize": 14,
                "lineHeight": 22,
                "textAlign": "left",
                "textDecorationLine": "none",
              },
              Object {},
            ]
          }
        >
           is not completed. Please make payment before 
        </Text>
        <Text
          style={
            Array [
              Object {
                "color": "#F08229",
                "fontFamily": "SFProDisplay-Regular",
                "fontSize": 14,
                "lineHeight": 22,
                "textAlign": "left",
                "textDecorationLine": "none",
              },
              Object {},
            ]
          }
        />
        <Text
          style={
            Array [
              Object {
                "color": "#000",
                "fontFamily": "SFProDisplay-Regular",
                "fontSize": 14,
                "lineHeight": 22,
                "textAlign": "left",
                "textDecorationLine": "none",
              },
              Object {},
            ]
          }
        >
           to reserve your booking.
        </Text>
      </Text>
      <View
        style={
          Object {
            "alignItems": "center",
            "flexDirection": "row",
            "marginTop": 16,
            "textAlign": "center",
          }
        }
      >
        <Text
          style={
            Array [
              Object {
                "color": "#BFBFBF",
                "fontFamily": "antoutline",
                "fontSize": 10,
                "fontStyle": "normal",
                "fontWeight": "normal",
              },
              Object {
                "marginRight": 9,
                "marginTop": 0,
              },
            ]
          }
        >
          
        </Text>
        <Text
          style={
            Array [
              Object {
                "color": "#BFBFBF",
                "fontFamily": "SFProDisplay-Regular",
                "fontSize": 10,
                "lineHeight": 10,
                "textAlign": "left",
                "textDecorationLine": "none",
              },
              Object {
                "lineHeight": 20,
              },
            ]
          }
        >
          Invalid date
        </Text>
      </View>
    </View>
  </View>
</View>
`;

exports[`Test ItemNotification with REMIND_TO_MAKE_PAYMENT and index=0 1`] = `
<View
  accessible={true}
  focusable={true}
  onClick={[Function]}
  onResponderGrant={[Function]}
  onResponderMove={[Function]}
  onResponderRelease={[Function]}
  onResponderTerminate={[Function]}
  onResponderTerminationRequest={[Function]}
  onStartShouldSetResponder={[Function]}
  style={
    Object {
      "borderTopColor": "#E8E8E8",
      "borderTopWidth": 0,
      "opacity": 1,
      "padding": 16,
    }
  }
>
  <View
    style={
      Object {
        "flexDirection": "row",
      }
    }
  >
    <View
      style={
        Array [
          Object {
            "overflow": "hidden",
          },
          Object {
            "height": 56,
            "width": 56,
          },
        ]
      }
    >
      <FastImageView
        resizeMode="cover"
        source={
          Object {
            "uri": "",
          }
        }
        style={
          Object {
            "bottom": 0,
            "left": 0,
            "position": "absolute",
            "right": 0,
            "top": 0,
          }
        }
      />
    </View>
    <View
      style={
        Object {
          "flex": 1,
          "marginLeft": 16,
        }
      }
    >
      <Text
        style={
          Array [
            Object {
              "color": "#262626",
              "fontFamily": "SFProDisplay-Regular",
              "fontSize": 16,
              "lineHeight": 24,
              "textAlign": "left",
              "textDecorationLine": "none",
            },
            Object {},
          ]
        }
      >
        Hoàn tất thanh toán đặt chỗ trước
      </Text>
      <Text
        style={
          Array [
            Object {
              "color": "#595959",
              "fontFamily": "SFProDisplay-Regular",
              "fontSize": 14,
              "lineHeight": 22,
              "textAlign": "left",
              "textDecorationLine": "none",
            },
            Object {
              "marginTop": 8,
            },
          ]
        }
      >
        <Text
          style={
            Array [
              Object {
                "color": "#000",
                "fontFamily": "SFProDisplay-Regular",
                "fontSize": 14,
                "lineHeight": 22,
                "textAlign": "left",
                "textDecorationLine": "none",
              },
              Object {},
            ]
          }
        >
          Your booking 
        </Text>
        <Text
          style={
            Array [
              Object {
                "color": "#F08229",
                "fontFamily": "SFProDisplay-Regular",
                "fontSize": 14,
                "lineHeight": 22,
                "textAlign": "left",
                "textDecorationLine": "none",
              },
              Object {},
            ]
          }
        >
          1
        </Text>
        <Text
          style={
            Array [
              Object {
                "color": "#000",
                "fontFamily": "SFProDisplay-Regular",
                "fontSize": 14,
                "lineHeight": 22,
                "textAlign": "left",
                "textDecorationLine": "none",
              },
              Object {},
            ]
          }
        >
           is not completed. Please make payment before 
        </Text>
        <Text
          style={
            Array [
              Object {
                "color": "#F08229",
                "fontFamily": "SFProDisplay-Regular",
                "fontSize": 14,
                "lineHeight": 22,
                "textAlign": "left",
                "textDecorationLine": "none",
              },
              Object {},
            ]
          }
        />
        <Text
          style={
            Array [
              Object {
                "color": "#000",
                "fontFamily": "SFProDisplay-Regular",
                "fontSize": 14,
                "lineHeight": 22,
                "textAlign": "left",
                "textDecorationLine": "none",
              },
              Object {},
            ]
          }
        >
           to reserve your booking.
        </Text>
      </Text>
      <View
        style={
          Object {
            "alignItems": "center",
            "flexDirection": "row",
            "marginTop": 16,
            "textAlign": "center",
          }
        }
      >
        <Text
          style={
            Array [
              Object {
                "color": "#BFBFBF",
                "fontFamily": "antoutline",
                "fontSize": 10,
                "fontStyle": "normal",
                "fontWeight": "normal",
              },
              Object {
                "marginRight": 9,
                "marginTop": 0,
              },
            ]
          }
        >
          
        </Text>
        <Text
          style={
            Array [
              Object {
                "color": "#BFBFBF",
                "fontFamily": "SFProDisplay-Regular",
                "fontSize": 10,
                "lineHeight": 10,
                "textAlign": "left",
                "textDecorationLine": "none",
              },
              Object {
                "lineHeight": 20,
              },
            ]
          }
        >
          Invalid date
        </Text>
      </View>
    </View>
  </View>
</View>
`;

exports[`Test ItemNotification with REMIND_TO_MAKE_PAYMENT and not read 1`] = `
<View
  accessible={true}
  focusable={true}
  onClick={[Function]}
  onResponderGrant={[Function]}
  onResponderMove={[Function]}
  onResponderRelease={[Function]}
  onResponderTerminate={[Function]}
  onResponderTerminationRequest={[Function]}
  onStartShouldSetResponder={[Function]}
  style={
    Object {
      "backgroundColor": "#EBF7F8",
      "borderTopColor": "#E8E8E8",
      "borderTopWidth": 1,
      "opacity": 1,
      "padding": 16,
    }
  }
>
  <View
    style={
      Object {
        "flexDirection": "row",
      }
    }
  >
    <View
      style={
        Array [
          Object {
            "overflow": "hidden",
          },
          Object {
            "height": 56,
            "width": 56,
          },
        ]
      }
    >
      <FastImageView
        resizeMode="cover"
        source={
          Object {
            "uri": "",
          }
        }
        style={
          Object {
            "bottom": 0,
            "left": 0,
            "position": "absolute",
            "right": 0,
            "top": 0,
          }
        }
      />
    </View>
    <View
      style={
        Object {
          "flex": 1,
          "marginLeft": 16,
        }
      }
    >
      <Text
        style={
          Array [
            Object {
              "color": "#262626",
              "fontFamily": "SFProDisplay-Regular",
              "fontSize": 16,
              "lineHeight": 24,
              "textAlign": "left",
              "textDecorationLine": "none",
            },
            Object {},
          ]
        }
      >
        Hoàn tất thanh toán đặt chỗ trước
      </Text>
      <Text
        style={
          Array [
            Object {
              "color": "#595959",
              "fontFamily": "SFProDisplay-Regular",
              "fontSize": 14,
              "lineHeight": 22,
              "textAlign": "left",
              "textDecorationLine": "none",
            },
            Object {
              "marginTop": 8,
            },
          ]
        }
      >
        <Text
          style={
            Array [
              Object {
                "color": "#000",
                "fontFamily": "SFProDisplay-Regular",
                "fontSize": 14,
                "lineHeight": 22,
                "textAlign": "left",
                "textDecorationLine": "none",
              },
              Object {},
            ]
          }
        >
          Your booking 
        </Text>
        <Text
          style={
            Array [
              Object {
                "color": "#F08229",
                "fontFamily": "SFProDisplay-Regular",
                "fontSize": 14,
                "lineHeight": 22,
                "textAlign": "left",
                "textDecorationLine": "none",
              },
              Object {},
            ]
          }
        >
          1
        </Text>
        <Text
          style={
            Array [
              Object {
                "color": "#000",
                "fontFamily": "SFProDisplay-Regular",
                "fontSize": 14,
                "lineHeight": 22,
                "textAlign": "left",
                "textDecorationLine": "none",
              },
              Object {},
            ]
          }
        >
           is not completed. Please make payment before 
        </Text>
        <Text
          style={
            Array [
              Object {
                "color": "#F08229",
                "fontFamily": "SFProDisplay-Regular",
                "fontSize": 14,
                "lineHeight": 22,
                "textAlign": "left",
                "textDecorationLine": "none",
              },
              Object {},
            ]
          }
        />
        <Text
          style={
            Array [
              Object {
                "color": "#000",
                "fontFamily": "SFProDisplay-Regular",
                "fontSize": 14,
                "lineHeight": 22,
                "textAlign": "left",
                "textDecorationLine": "none",
              },
              Object {},
            ]
          }
        >
           to reserve your booking.
        </Text>
      </Text>
      <View
        style={
          Object {
            "alignItems": "center",
            "flexDirection": "row",
            "marginTop": 16,
            "textAlign": "center",
          }
        }
      >
        <Text
          style={
            Array [
              Object {
                "color": "#BFBFBF",
                "fontFamily": "antoutline",
                "fontSize": 10,
                "fontStyle": "normal",
                "fontWeight": "normal",
              },
              Object {
                "marginRight": 9,
                "marginTop": 0,
              },
            ]
          }
        >
          
        </Text>
        <Text
          style={
            Array [
              Object {
                "color": "#BFBFBF",
                "fontFamily": "SFProDisplay-Regular",
                "fontSize": 10,
                "lineHeight": 10,
                "textAlign": "left",
                "textDecorationLine": "none",
              },
              Object {
                "lineHeight": 20,
              },
            ]
          }
        >
          Invalid date
        </Text>
      </View>
    </View>
  </View>
</View>
`;

exports[`Test ItemNotification with REMIND_TO_SCAN_QR_CODE and clicked 1`] = `
<View
  accessible={true}
  focusable={true}
  onClick={[Function]}
  onResponderGrant={[Function]}
  onResponderMove={[Function]}
  onResponderRelease={[Function]}
  onResponderTerminate={[Function]}
  onResponderTerminationRequest={[Function]}
  onStartShouldSetResponder={[Function]}
  style={
    Object {
      "borderTopColor": "#E8E8E8",
      "borderTopWidth": 1,
      "opacity": 1,
      "padding": 16,
    }
  }
>
  <View
    style={
      Object {
        "flexDirection": "row",
      }
    }
  >
    <View
      style={
        Array [
          Object {
            "overflow": "hidden",
          },
          Object {
            "height": 56,
            "width": 56,
          },
        ]
      }
    >
      <FastImageView
        resizeMode="cover"
        source={
          Object {
            "uri": "",
          }
        }
        style={
          Object {
            "bottom": 0,
            "left": 0,
            "position": "absolute",
            "right": 0,
            "top": 0,
          }
        }
      />
    </View>
    <View
      style={
        Object {
          "flex": 1,
          "marginLeft": 16,
        }
      }
    >
      <Text
        style={
          Array [
            Object {
              "color": "#262626",
              "fontFamily": "SFProDisplay-Regular",
              "fontSize": 16,
              "lineHeight": 24,
              "textAlign": "left",
              "textDecorationLine": "none",
            },
            Object {},
          ]
        }
      >
        Quét mã QR để kích hoạt đặt chỗ
      </Text>
      <Text
        style={
          Array [
            Object {
              "color": "#595959",
              "fontFamily": "SFProDisplay-Regular",
              "fontSize": 14,
              "lineHeight": 22,
              "textAlign": "left",
              "textDecorationLine": "none",
            },
            Object {
              "marginTop": 8,
            },
          ]
        }
      >
        <Text
          style={
            Array [
              Object {
                "color": "#000",
                "fontFamily": "SFProDisplay-Regular",
                "fontSize": 14,
                "lineHeight": 22,
                "textAlign": "left",
                "textDecorationLine": "none",
              },
              Object {},
            ]
          }
        >
          Your booking 
        </Text>
        <Text
          style={
            Array [
              Object {
                "color": "#F08229",
                "fontFamily": "SFProDisplay-Regular",
                "fontSize": 14,
                "lineHeight": 22,
                "textAlign": "left",
                "textDecorationLine": "none",
              },
              Object {},
            ]
          }
        >
          1
        </Text>
        <Text
          style={
            Array [
              Object {
                "color": "#000",
                "fontFamily": "SFProDisplay-Regular",
                "fontSize": 14,
                "lineHeight": 22,
                "textAlign": "left",
                "textDecorationLine": "none",
              },
              Object {},
            ]
          }
        >
           is not yet activated. Please remember to scan the QR code when you arrive at your booked parking spot to activate it.
        </Text>
      </Text>
      <View
        style={
          Object {
            "alignItems": "center",
            "flexDirection": "row",
            "marginTop": 16,
            "textAlign": "center",
          }
        }
      >
        <Text
          style={
            Array [
              Object {
                "color": "#BFBFBF",
                "fontFamily": "antoutline",
                "fontSize": 10,
                "fontStyle": "normal",
                "fontWeight": "normal",
              },
              Object {
                "marginRight": 9,
                "marginTop": 0,
              },
            ]
          }
        >
          
        </Text>
        <Text
          style={
            Array [
              Object {
                "color": "#BFBFBF",
                "fontFamily": "SFProDisplay-Regular",
                "fontSize": 10,
                "lineHeight": 10,
                "textAlign": "left",
                "textDecorationLine": "none",
              },
              Object {
                "lineHeight": 20,
              },
            ]
          }
        >
          Invalid date
        </Text>
      </View>
    </View>
  </View>
</View>
`;

exports[`Test ItemNotification with SYSTEM_CANCEL_NO_PAYMENT and clicked 1`] = `
<View
  accessible={true}
  focusable={true}
  onClick={[Function]}
  onResponderGrant={[Function]}
  onResponderMove={[Function]}
  onResponderRelease={[Function]}
  onResponderTerminate={[Function]}
  onResponderTerminationRequest={[Function]}
  onStartShouldSetResponder={[Function]}
  style={
    Object {
      "borderTopColor": "#E8E8E8",
      "borderTopWidth": 1,
      "opacity": 1,
      "padding": 16,
    }
  }
>
  <View
    style={
      Object {
        "flexDirection": "row",
      }
    }
  >
    <View
      style={
        Array [
          Object {
            "overflow": "hidden",
          },
          Object {
            "height": 56,
            "width": 56,
          },
        ]
      }
    >
      <FastImageView
        resizeMode="cover"
        source={
          Object {
            "uri": "",
          }
        }
        style={
          Object {
            "bottom": 0,
            "left": 0,
            "position": "absolute",
            "right": 0,
            "top": 0,
          }
        }
      />
    </View>
    <View
      style={
        Object {
          "flex": 1,
          "marginLeft": 16,
        }
      }
    >
      <Text
        style={
          Array [
            Object {
              "color": "#262626",
              "fontFamily": "SFProDisplay-Regular",
              "fontSize": 16,
              "lineHeight": 24,
              "textAlign": "left",
              "textDecorationLine": "none",
            },
            Object {},
          ]
        }
      >
        Đặt chỗ trước của bạn đã bị huỷ
      </Text>
      <Text
        style={
          Array [
            Object {
              "color": "#595959",
              "fontFamily": "SFProDisplay-Regular",
              "fontSize": 14,
              "lineHeight": 22,
              "textAlign": "left",
              "textDecorationLine": "none",
            },
            Object {
              "marginTop": 8,
            },
          ]
        }
      >
        <Text
          style={
            Array [
              Object {
                "color": "#000",
                "fontFamily": "SFProDisplay-Regular",
                "fontSize": 14,
                "lineHeight": 22,
                "textAlign": "left",
                "textDecorationLine": "none",
              },
              Object {},
            ]
          }
        >
          Your booking 
        </Text>
        <Text
          style={
            Array [
              Object {
                "color": "#F08229",
                "fontFamily": "SFProDisplay-Regular",
                "fontSize": 14,
                "lineHeight": 22,
                "textAlign": "left",
                "textDecorationLine": "none",
              },
              Object {},
            ]
          }
        >
          1
        </Text>
        <Text
          style={
            Array [
              Object {
                "color": "#000",
                "fontFamily": "SFProDisplay-Regular",
                "fontSize": 14,
                "lineHeight": 22,
                "textAlign": "left",
                "textDecorationLine": "none",
              },
              Object {},
            ]
          }
        >
           is automatically cancelled by the system because no payment has been made on time.
        </Text>
      </Text>
      <View
        style={
          Object {
            "alignItems": "center",
            "flexDirection": "row",
            "marginTop": 16,
            "textAlign": "center",
          }
        }
      >
        <Text
          style={
            Array [
              Object {
                "color": "#BFBFBF",
                "fontFamily": "antoutline",
                "fontSize": 10,
                "fontStyle": "normal",
                "fontWeight": "normal",
              },
              Object {
                "marginRight": 9,
                "marginTop": 0,
              },
            ]
          }
        >
          
        </Text>
        <Text
          style={
            Array [
              Object {
                "color": "#BFBFBF",
                "fontFamily": "SFProDisplay-Regular",
                "fontSize": 10,
                "lineHeight": 10,
                "textAlign": "left",
                "textDecorationLine": "none",
              },
              Object {
                "lineHeight": 20,
              },
            ]
          }
        >
          Invalid date
        </Text>
      </View>
    </View>
  </View>
</View>
`;

exports[`Test ItemNotification with USER_CANCEL and clicked 1`] = `
<View
  accessible={true}
  focusable={true}
  onClick={[Function]}
  onResponderGrant={[Function]}
  onResponderMove={[Function]}
  onResponderRelease={[Function]}
  onResponderTerminate={[Function]}
  onResponderTerminationRequest={[Function]}
  onStartShouldSetResponder={[Function]}
  style={
    Object {
      "borderTopColor": "#E8E8E8",
      "borderTopWidth": 1,
      "opacity": 1,
      "padding": 16,
    }
  }
>
  <View
    style={
      Object {
        "flexDirection": "row",
      }
    }
  >
    <View
      style={
        Array [
          Object {
            "overflow": "hidden",
          },
          Object {
            "height": 56,
            "width": 56,
          },
        ]
      }
    >
      <FastImageView
        resizeMode="cover"
        source={
          Object {
            "uri": "",
          }
        }
        style={
          Object {
            "bottom": 0,
            "left": 0,
            "position": "absolute",
            "right": 0,
            "top": 0,
          }
        }
      />
    </View>
    <View
      style={
        Object {
          "flex": 1,
          "marginLeft": 16,
        }
      }
    >
      <Text
        style={
          Array [
            Object {
              "color": "#262626",
              "fontFamily": "SFProDisplay-Regular",
              "fontSize": 16,
              "lineHeight": 24,
              "textAlign": "left",
              "textDecorationLine": "none",
            },
            Object {},
          ]
        }
      >
        Chấp nhận yêu cầu huỷ đặt chỗ
      </Text>
      <Text
        style={
          Array [
            Object {
              "color": "#595959",
              "fontFamily": "SFProDisplay-Regular",
              "fontSize": 14,
              "lineHeight": 22,
              "textAlign": "left",
              "textDecorationLine": "none",
            },
            Object {
              "marginTop": 8,
            },
          ]
        }
      >
        <Text
          style={
            Array [
              Object {
                "color": "#000",
                "fontFamily": "SFProDisplay-Regular",
                "fontSize": 14,
                "lineHeight": 22,
                "textAlign": "left",
                "textDecorationLine": "none",
              },
              Object {},
            ]
          }
        >
          Request to cancel your booking has been accepted. Booking 
        </Text>
        <Text
          style={
            Array [
              Object {
                "color": "#F08229",
                "fontFamily": "SFProDisplay-Regular",
                "fontSize": 14,
                "lineHeight": 22,
                "textAlign": "left",
                "textDecorationLine": "none",
              },
              Object {},
            ]
          }
        >
          1
        </Text>
        <Text
          style={
            Array [
              Object {
                "color": "#000",
                "fontFamily": "SFProDisplay-Regular",
                "fontSize": 14,
                "lineHeight": 22,
                "textAlign": "left",
                "textDecorationLine": "none",
              },
              Object {},
            ]
          }
        >
           was cancelled successfully.
        </Text>
      </Text>
      <View
        style={
          Object {
            "alignItems": "center",
            "flexDirection": "row",
            "marginTop": 16,
            "textAlign": "center",
          }
        }
      >
        <Text
          style={
            Array [
              Object {
                "color": "#BFBFBF",
                "fontFamily": "antoutline",
                "fontSize": 10,
                "fontStyle": "normal",
                "fontWeight": "normal",
              },
              Object {
                "marginRight": 9,
                "marginTop": 0,
              },
            ]
          }
        >
          
        </Text>
        <Text
          style={
            Array [
              Object {
                "color": "#BFBFBF",
                "fontFamily": "SFProDisplay-Regular",
                "fontSize": 10,
                "lineHeight": 10,
                "textAlign": "left",
                "textDecorationLine": "none",
              },
              Object {
                "lineHeight": 20,
              },
            ]
          }
        >
          Invalid date
        </Text>
      </View>
    </View>
  </View>
</View>
`;
