// Jest Snapshot v1, https://goo.gl/fbAQLP

exports[`test saved vehicle container render saved vehicle container 1`] = `
<View
  style={
    Object {
      "backgroundColor": "#FFFFFF",
      "flex": 1,
      "paddingBottom": 0,
    }
  }
>
  <RCTScrollView
    data={
      Array [
        Object {
          "background": "",
          "id": 155,
          "is_default": true,
          "name": "Xe Ben",
          "plate_number": "84H-123.45",
          "seats": 2,
        },
      ]
    }
    disableVirtualization={false}
    getItem={[Function]}
    getItemCount={[Function]}
    horizontal={false}
    initialNumToRender={10}
    keyExtractor={[Function]}
    maxToRenderPerBatch={10}
    onContentSizeChange={[Function]}
    onEndReachedThreshold={2}
    onLayout={[Function]}
    onMomentumScrollEnd={[Function]}
    onScroll={[Function]}
    onScrollBeginDrag={[Function]}
    onScrollEndDrag={[Function]}
    removeClippedSubviews={false}
    renderItem={[Function]}
    scrollEventThrottle={50}
    stickyHeaderIndices={Array []}
    updateCellsBatchingPeriod={50}
    viewabilityConfigCallbackPairs={Array []}
    windowSize={21}
  >
    <View>
      <View
        onLayout={[Function]}
        style={null}
      >
        <View
          accessible={true}
          focusable={true}
          onClick={[Function]}
          onResponderGrant={[Function]}
          onResponderMove={[Function]}
          onResponderRelease={[Function]}
          onResponderTerminate={[Function]}
          onResponderTerminationRequest={[Function]}
          onStartShouldSetResponder={[Function]}
          style={
            Object {
              "flexDirection": "row",
              "opacity": 1,
              "paddingHorizontal": 16,
              "paddingTop": 16,
              "width": "100%",
            }
          }
        >
          <SvgMock />
          <View
            style={
              Object {
                "borderBottomColor": "#E8E8E8",
                "borderBottomWidth": 1,
                "flex": 1,
                "marginLeft": 16,
                "paddingBottom": 16,
              }
            }
          >
            <Text
              style={
                Array [
                  Object {
                    "color": "#262626",
                    "fontFamily": "SFProDisplay-Semibold",
                    "fontSize": 16,
                    "lineHeight": 24,
                    "textAlign": "left",
                    "textDecorationLine": "none",
                  },
                  Object {},
                ]
              }
            >
              84H-123.45
            </Text>
            <Text
              style={
                Array [
                  Object {
                    "color": "#595959",
                    "fontFamily": "SFProDisplay-Regular",
                    "fontSize": 12,
                    "lineHeight": 20,
                    "textAlign": "left",
                    "textDecorationLine": "none",
                  },
                  Object {},
                ]
              }
            >
              Xe Ben  -  2 chỗ
            </Text>
          </View>
          <View
            style={
              Array [
                Object {
                  "flex": 1,
                  "flexDirection": "row",
                },
                Object {
                  "position": "absolute",
                  "right": 16,
                  "top": 16,
                },
              ]
            }
          >
            <View
              style={
                Object {
                  "alignItems": "center",
                }
              }
            >
              <Text
                style={
                  Array [
                    Object {
                      "color": "#00979D",
                      "fontFamily": "antoutline",
                      "fontSize": 21,
                      "fontStyle": "normal",
                      "fontWeight": "normal",
                    },
                    undefined,
                  ]
                }
              >
                
              </Text>
              <Text
                style={
                  Array [
                    Object {
                      "color": "#000",
                      "fontFamily": "SFProDisplay-Regular",
                      "fontSize": undefined,
                      "lineHeight": undefined,
                      "textAlign": "left",
                      "textDecorationLine": "none",
                    },
                    Object {
                      "fontSize": 10,
                      "lineHeight": 20,
                      "marginTop": 1.5,
                    },
                  ]
                }
              >
                MẶC ĐỊNH
              </Text>
            </View>
            <Text
              style={
                Array [
                  Object {
                    "color": "#F08229",
                    "fontFamily": "antfill",
                    "fontSize": 21,
                    "fontStyle": "normal",
                    "fontWeight": "normal",
                  },
                  undefined,
                ]
              }
            >
              
            </Text>
          </View>
        </View>
      </View>
    </View>
  </RCTScrollView>
</View>
`;
