// Jest Snapshot v1, https://goo.gl/fbAQLP

exports[`test SelectPaymentMethod container render SelectPaymentMethod container 1`] = `
<View
  style={
    Object {
      "backgroundColor": "#FFFFFF",
      "flex": 1,
      "paddingBottom": 0,
    }
  }
>
  <View
    style={
      Array [
        Object {
          "alignItems": "center",
          "backgroundColor": "rgba(0,0,0,0.1)",
          "bottom": 0,
          "justifyContent": "center",
          "left": 0,
          "position": "absolute",
          "right": 0,
          "top": 0,
        },
        Object {
          "backgroundColor": "#FFFFFF",
          "flex": 1,
          "paddingBottom": 0,
        },
      ]
    }
  >
    <View
      style={
        Object {
          "backgroundColor": "rgba(255,255,255,0.8)",
          "borderRadius": 5,
          "paddingHorizontal": 32,
          "paddingVertical": 24,
        }
      }
      testID="COMMON_LOADING_ANIMATION"
    >
      <ActivityIndicator
        animating={true}
        color="#00979D"
        hidesWhenStopped={true}
        size="small"
      />
    </View>
  </View>
</View>
`;
