// Jest Snapshot v1, https://goo.gl/fbAQLP

exports[`Test ChartInfo onItemClick MenuActionAddNew 1`] = `
<View
  accessible={true}
  focusable={true}
  onClick={[Function]}
  onResponderGrant={[Function]}
  onResponderMove={[Function]}
  onResponderRelease={[Function]}
  onResponderTerminate={[Function]}
  onResponderTerminationRequest={[Function]}
  onStartShouldSetResponder={[Function]}
  style={
    Object {
      "alignItems": "center",
      "flexDirection": "row",
      "justifyContent": "center",
      "marginRight": 24,
      "opacity": 1,
      "paddingBottom": 16,
      "paddingTop": 4,
    }
  }
>
  <View
    style={
      Array [
        Object {
          "backgroundColor": "white",
          "borderColor": "white",
          "borderRadius": 4,
          "borderWidth": 0,
          "height": 8,
          "width": 8,
        },
        undefined,
        Object {
          "marginRight": 8,
        },
      ]
    }
  />
  <Text
    style={
      Array [
        Object {
          "color": "#000",
          "fontFamily": "SFProDisplay-Regular",
          "fontSize": 14,
          "lineHeight": 14,
          "textAlign": "left",
          "textDecorationLine": "none",
        },
        Object {},
      ]
    }
  />
</View>
`;
