// Jest Snapshot v1, https://goo.gl/fbAQLP

exports[`Test ParkingSpotInput create 1`] = `
<View
  style={
    Array [
      Object {
        "flexDirection": "row",
        "marginTop": 10,
      },
      Object {},
    ]
  }
>
  <TextInput
    allowFontScaling={true}
    maxLength={1}
    name="firstInput"
    onChangeText={[Function]}
    onFocus={[Function]}
    rejectResponderTermination={true}
    returnKeyType="done"
    style={
      Object {
        "backgroundColor": "#FAFAFA",
        "borderColor": "#E8E8E8",
        "borderRadius": 5,
        "borderWidth": 1,
        "color": "#262626",
        "height": 36,
        "marginEnd": 5,
        "marginStart": 5,
        "textAlign": "center",
        "width": 36,
      }
    }
    underlineColorAndroid="transparent"
  />
  <TextInput
    allowFontScaling={true}
    maxLength={1}
    onChangeText={[Function]}
    onFocus={[Function]}
    rejectResponderTermination={true}
    returnKeyType="done"
    style={
      Object {
        "backgroundColor": "#FAFAFA",
        "borderColor": "#E8E8E8",
        "borderRadius": 5,
        "borderWidth": 1,
        "color": "#262626",
        "height": 36,
        "marginEnd": 5,
        "marginStart": 5,
        "textAlign": "center",
        "width": 36,
      }
    }
    underlineColorAndroid="transparent"
  />
  <TextInput
    allowFontScaling={true}
    maxLength={1}
    onChangeText={[Function]}
    onFocus={[Function]}
    rejectResponderTermination={true}
    returnKeyType="done"
    style={
      Object {
        "backgroundColor": "#FAFAFA",
        "borderColor": "#E8E8E8",
        "borderRadius": 5,
        "borderWidth": 1,
        "color": "#262626",
        "height": 36,
        "marginEnd": 5,
        "marginStart": 5,
        "textAlign": "center",
        "width": 36,
      }
    }
    underlineColorAndroid="transparent"
  />
</View>
`;

exports[`Test ParkingSpotInput create with isFocus 1`] = `
<View
  style={
    Array [
      Object {
        "flexDirection": "row",
        "marginTop": 10,
      },
      Object {},
    ]
  }
>
  <TextInput
    allowFontScaling={true}
    maxLength={1}
    name="firstInput"
    onChangeText={[Function]}
    onFocus={[Function]}
    rejectResponderTermination={true}
    returnKeyType="done"
    style={
      Object {
        "backgroundColor": "#FAFAFA",
        "borderColor": "#E8E8E8",
        "borderRadius": 5,
        "borderWidth": 1,
        "color": "#262626",
        "height": 36,
        "marginEnd": 5,
        "marginStart": 5,
        "textAlign": "center",
        "width": 36,
      }
    }
    underlineColorAndroid="transparent"
  />
  <TextInput
    allowFontScaling={true}
    maxLength={1}
    onChangeText={[Function]}
    onFocus={[Function]}
    rejectResponderTermination={true}
    returnKeyType="done"
    style={
      Object {
        "backgroundColor": "#FAFAFA",
        "borderColor": "#E8E8E8",
        "borderRadius": 5,
        "borderWidth": 1,
        "color": "#262626",
        "height": 36,
        "marginEnd": 5,
        "marginStart": 5,
        "textAlign": "center",
        "width": 36,
      }
    }
    underlineColorAndroid="transparent"
  />
  <TextInput
    allowFontScaling={true}
    maxLength={1}
    onChangeText={[Function]}
    onFocus={[Function]}
    rejectResponderTermination={true}
    returnKeyType="done"
    style={
      Object {
        "backgroundColor": "#FAFAFA",
        "borderColor": "#E8E8E8",
        "borderRadius": 5,
        "borderWidth": 1,
        "color": "#262626",
        "height": 36,
        "marginEnd": 5,
        "marginStart": 5,
        "textAlign": "center",
        "width": 36,
      }
    }
    underlineColorAndroid="transparent"
  />
</View>
`;
